con-leche: 47 inductive blocks modelled in-process: Lean.Syntax, Lean.PersistentHashMap.Node, Lean.Meta.DiscrTree.Trie, Lean.PersistentArrayNode, Lean.PrefixTreeNode, Lean.Json, Lean.MessageData, Lean.Elab.InfoTree, Lean.Language.SnapshotTree, Lean.IR.IRType, Lean.Elab.Tactic.TacticParsedSnapshot, Lean.Meta.Grind.Arith.Linear.RingIneqCnstr, Lean.Meta.Grind.Arith.Linear.RingEqCnstr, Lean.Meta.Grind.Arith.Linear.RingDiseqCnstr, Lean.Meta.Grind.Arith.Linear.EqCnstr, Lean.Meta.Grind.Arith.CommRing.EqCnstr, Lean.Data.Trie, Lean.Doc.Inline, Lean.Doc.Block, Lean.Doc.Part, Lean.Level.PP.Result, Lean.Compiler.LCNF.Alt, Lean.Meta.Grind.Arith.Cutsat.EqCnstr, Lean.Language.Lean.CommandParsedSnapshot, IO.AsyncList, Lean.Widget.TaggedText, Lean.Widget.MsgEmbed, Lean.Lsp.Ipc.ModuleHierarchy, ProofWidgets.Html, Aesop.IndexingMode, Lean.Elab.Term.Do.Code, Lean.Lsp.DocumentSymbol, Mathlib.Tactic.Translate.ArgReorder, Mathlib.Tactic.Ring.Common.ExBaseNat, Lean.Meta.Match.Pattern, Mathlib.Tactic.Ring.Common.ExBase, Lean.IR.Alt, Lean.Meta.Grind.AC.EqCnstr, Lean.Meta.Grind.AC.DiseqCnstr, Aesop.Frontend.RuleExpr, Lean.Parser.Tactic.MCasesPat, Aesop.Script.StepTree, Lean.Elab.Tactic.RCases.RCasesPatt, Lean.Lsp.Ipc.CallHierarchy, Lean.Meta.Match.Example, Lean.Parser.Tactic.MRefinePat, _private.Lean.Elab.ConfigEval.DeriveEvalConfigItem.0.Lean.Elab.ConfigEval.HandlerTrie (2034 generated records, checked by the fold as declarations and not counted as records of the file)
con-leche: 65 projection functions of non-direct structure-likes rewritten to recursor form
con-leche: parse done: 285446 fold records ΓÇö the file's 285446 (2034 of them generated in-process), 0 built-in prelude records synthesised t=17.6s (parse 17.6s)
con-leche: install 0/285446 inductive Eq t=17.6s
con-leche: install 5000/285446 theorem Std.DTreeMap.Internal.Impl.rotateL.fun_cases_unfolding t=20.8s
con-leche: install 10000/285446 theorem _private.Init.Dynamic.0.DynamicPointed._proof_1 t=25.9s
con-leche: install 15000/285446 def Std.DHashMap.Internal.RawΓéÇ.replaceΓéÿ t=27.8s
con-leche: install 20000/285446 theorem eq_iff_true_of_subsingleton t=28.8s
con-leche: install 25000/285446 theorem NonUnitalSubring.instTop._proof_3 t=30.0s
con-leche: install 30000/285446 def List.Nat.antidiagonal t=31.3s
con-leche: install 35000/285446 def Lean.mkNullNode t=32.6s
con-leche: install 40000/285446 def Filter.generate t=39.8s
con-leche: install 45000/285446 theorem Std.Time.Nanosecond.instTransOrdSpan t=41.2s
con-leche: install 50000/285446 def _private.Lean.Meta.Tactic.Apply.0.Lean.Meta.partitionDependentMVars.match_1 t=42.7s
con-leche: install 55000/285446 def _private.Mathlib.RingTheory.Ideal.Maximal.0.Ideal.exists_le_maximal.match_1_1 t=44.2s
con-leche: install 60000/285446 theorem String.Slice.Pattern.Model.IsLongestRevMatchAt.revMatchesAt t=45.6s
con-leche: install 65000/285446 theorem Function.Injective.completeLattice._proof_4 t=47.2s
con-leche: install 70000/285446 theorem Pi.orderOf t=48.4s
con-leche: install 75000/285446 def Lean.JsonRpc.RequestID.noConfusionType t=49.7s
con-leche: install 80000/285446 def Lean.Elab.Tactic.RCases.RCasesPatt.one._model t=51.3s
con-leche: install 85000/285446 theorem Module.DualBases.eval_of_ne t=53.0s
con-leche: install 90000/285446 theorem _private.Batteries.Data.List.Lemmas.0.List.mem_findIdxs_iff_getElem_sub_pos._proof_1_3 t=55.3s
con-leche: install 95000/285446 theorem LatticeHom.dual._proof_3 t=57.1s
con-leche: install 100000/285446 theorem Finset.insert_subset_insert t=58.9s
con-leche: install 105000/285446 theorem Function.Injective.isLeftCancelMul t=60.5s
con-leche: install 110000/285446 def _private.Mathlib.Data.Finset.Filter.0.Mathlib.Meta.knownToBeFinsetNotSet.match_1 t=62.3s
con-leche: install 115000/285446 theorem IsLocalizedModule.mk_eq_mk' t=63.8s
con-leche: install 120000/285446 theorem Int.sub_lt_sub_right t=65.3s
con-leche: install 125000/285446 def Std.Rci._sizeOf_inst t=66.8s
con-leche: install 130000/285446 def ProofWidgets.InteractiveCodeProps.mk.noConfusion t=67.9s
con-leche: install 135000/285446 theorem Matrix.SpecialLinearGroup.transvection.congr_simp t=68.9s
con-leche: install 140000/285446 def AddEquiv.subsemigroupMap t=69.9s
con-leche: install 145000/285446 def LeanSearchClient.checkTactic t=70.8s
con-leche: install 150000/285446 theorem Finset.nonempty_range_add_one t=71.6s
con-leche: install 155000/285446 def Lean.KVMap.getNat t=72.4s
con-leche: install 160000/285446 def _private.Mathlib.LinearAlgebra.LinearIndependent.Lemmas.0.LinearIndependent.pair_add_smul_add_smul_iff.match_1_2 t=73.1s
con-leche: install 165000/285446 theorem Nat.getElem!_toList_ric t=73.9s
con-leche: install 170000/285446 def _private.Std.Time.Duration.0.Std.Time.Duration.ext.match_1 t=74.7s
con-leche: install 175000/285446 def _private.Init.Data.List.MinMaxOn.0.List.min_map.match_1_1 t=75.3s
con-leche: install 180000/285446 theorem AddSubgroup.index_eq_two_iff_exists_notMem_and t=76.0s
con-leche: install 185000/285446 theorem IsLocalization.mk'_spec_mk t=76.7s
con-leche: install 190000/285446 theorem Group.isCyclic_of_coprime_card_range_card_ker t=77.4s
con-leche: install 195000/285446 theorem Matrix.cons_sub t=78.1s
con-leche: install 200000/285446 theorem Option.isSome.eq_1 t=79.0s
con-leche: install 205000/285446 theorem Set.toFinset_mono t=79.7s
con-leche: install 210000/285446 theorem _private.Mathlib.Data.List.Pairwise.0.List.pairwise_iff_forall_infix._proof_1_73 t=80.4s
con-leche: install 215000/285446 theorem TensorProduct.ext_threefold t=81.0s
con-leche: install 220000/285446 theorem Finset.Nonempty.of_add_right t=81.7s
con-leche: install 225000/285446 theorem Multiset.card_pair t=82.3s
con-leche: install 230000/285446 theorem Lean.Lsp.SymbolInformation.mk.injEq t=82.9s
con-leche: install 235000/285446 theorem Lean.Data.Trie.brecOn.eq t=83.5s
con-leche: install 240000/285446 theorem String.Slice.Pattern.Model.Char.matchAt?_eq t=84.2s
con-leche: install 245000/285446 def Lean.Server.FileWorker.SignatureHelp.CandidateKind.noConfusionType t=85.0s
con-leche: install 250000/285446 theorem _private.Mathlib.SetTheory.Cardinal.ENat.0.Cardinal.toENat_le_iff_of_lt_aleph0._simp_1_1 t=85.6s
con-leche: install 255000/285446 def Int32.ofIntTruncate t=86.2s
con-leche: install 260000/285446 theorem PUnit.instDistribMulAction._proof_2 t=86.9s
con-leche: install 265000/285446 theorem Std.ExtDHashMap.insert_eq_insert t=87.5s
con-leche: install 270000/285446 theorem Lean.Compiler.LCNF.LetValue.unbox.injEq t=88.1s
con-leche: install 275000/285446 theorem ZMod.valMinAbs_def_zero t=88.7s
con-leche: install 280000/285446 theorem Localization.Away.monoidOf.eq_1 t=89.3s
con-leche: install 285000/285446 theorem Equiv.prodCongrLeft_symm t=89.9s
con-leche: install done: 285446/285446 declarations installed, 282123 checks pending t=90.2s (install 72.6s)
con-leche: check 5000/282123 theorem Std.DTreeMap.Internal.Impl.Const.alter._proof_42 t=96.9s
con-leche: check 10000/282123 definition LinearMap.toSpanSingleton t=100.8s
con-leche: check 15000/282123 definition _private.Mathlib.Order.WithBot.0.WithTop.top_ne_coe.match_1_1 t=104.7s
con-leche: check 20000/282123 theorem MonoidWithZeroHom.comp._proof_3 t=107.4s
con-leche: check 25000/282123 theorem Int.cast_ofNat_Int t=110.7s
con-leche: check 30000/282123 definition WithZero.instZero t=113.2s
con-leche: check 35000/282123 theorem Submodule.idemSemiring._proof_1 t=116.9s
con-leche: check 40000/282123 definition _private.Lean.Meta.Tactic.Simp.Types.0.Lean.Meta.Simp.mkMetaConfig t=120.4s
con-leche: check 45000/282123 definition Lean.initializing t=123.9s
con-leche: check 50000/282123 theorem AddSubgroup.leftCosetEquivAddSubgroup._proof_7 t=127.7s
con-leche: check 55000/282123 theorem Equiv.image._proof_2 t=133.1s
con-leche: check 60000/282123 definition Aesop.DisplayRuleName.ctorIdx t=136.7s
con-leche: check 65000/282123 definition Prod.instCompl t=140.0s
con-leche: check 70000/282123 definition SubMulAction.instMul.match_1 t=143.4s
con-leche: check 75000/282123 opaque _private.Lean.Meta.Tactic.Induction.0.Lean.Meta.finalize.loop t=146.7s
con-leche: check 80000/282123 theorem _private.Mathlib.Algebra.Group.Subgroup.Basic.0.Subgroup.mem_normalizer_iff_conj_image_eq._simp_1_7 t=150.3s
con-leche: check 85000/282123 theorem Std.DTreeMap.Internal.Impl.isSome_minKey?_insertIfNew! t=154.8s
con-leche: check 90000/282123 theorem OrderMonoidWithZeroHom.comp._proof_1 t=159.1s
con-leche: check 95000/282123 definition String.Slice.Pattern.ForwardSliceSearcher.proper.elim t=161.8s
con-leche: check 100000/282123 theorem FreeAddGroup.Red.Step.cons_not t=166.5s
con-leche: check 105000/282123 definition _private.Std.Data.HashMap.Lemmas.0.Std.HashMap.Equiv.trans.match_1_1 t=170.5s
con-leche: check 110000/282123 theorem AddCon.comapQuotientEquivOfSurj_symm_mk' t=174.0s
con-leche: check 115000/282123 definition Lean.Parser.Command.unsafe.parenthesizer t=177.4s
con-leche: check 120000/282123 theorem _private.Init.Data.Iterators.Lemmas.Consumers.Collect.0.Std.Iter.isPlausibleIndirectOutput_of_mem_toList._simp_1_1 t=180.7s
con-leche: check 125000/282123 definition Lean.Parser.Tactic.cases t=183.8s
con-leche: check 130000/282123 definition _private.Mathlib.Algebra.Ring.Periodic.0.Function.Antiperiodic.nat_mul_eq_of_eq_zero.match_1_1 t=187.5s
con-leche: check 135000/282123 theorem Std.DHashMap.Internal.RawΓéÇ.getD_union_of_contains_eq_false_right t=190.9s
con-leche: check 140000/282123 theorem Std.IterM.toArray_map_mapM t=194.1s
con-leche: check 145000/282123 definition Lean.Module.ctorIdx t=197.1s
con-leche: check 150000/282123 definition Set.addAction t=200.5s
con-leche: check 155000/282123 theorem Std.DHashMap.Internal.RawΓéÇ.Const.getD_diff_of_contains_right t=204.1s
con-leche: check 160000/282123 definition _private.Mathlib.Tactic.Linter.DirectoryDependency.0.Lean.Name.prefixToName t=207.4s
con-leche: check 165000/282123 theorem Std.DTreeMap.filterMap_equiv_map t=210.8s
con-leche: check 170000/282123 theorem _private.Mathlib.Order.RelSeries.0.LTSeries.apply_add_index_le_apply_add_index_int._proof_1_6 t=214.1s
con-leche: check 175000/282123 theorem USize.toBitVec_sub t=217.7s
con-leche: check 180000/282123 theorem Int.even_mul._simp_1 t=221.1s
con-leche: check 185000/282123 definition OrderHom.diag t=224.7s
con-leche: check 190000/282123 theorem List.revzip_swap t=228.0s
con-leche: check 195000/282123 definition Lean.Elab.instToSnapshotTreeBodyProcessedSnapshot t=231.6s
con-leche: check 200000/282123 theorem IntermediateField.iInf_toSubfield t=235.4s
con-leche: check 205000/282123 theorem Std.DTreeMap.Const.mem_toArray_iff_getKey?_eq_some_and_get?_eq_some t=238.6s
con-leche: check 210000/282123 theorem Array.find?_eq_some_iff_getElem._proof_2 t=242.4s
con-leche: check 215000/282123 theorem Std.DTreeMap.Internal.Impl.insertΓéÿ.eq_1 t=245.9s
con-leche: check 220000/282123 theorem _private.Mathlib.Algebra.Group.Submonoid.Operations.0.MonoidHom.restrict_eq_one_iff._simp_1_1 t=248.9s
con-leche: check 225000/282123 definition Lean.Lsp.instBEqCallHierarchyItem.beq t=252.3s
con-leche: check 230000/282123 definition Aesop.extractScript t=255.5s
con-leche: check 235000/282123 theorem Int8.mul_assoc t=258.4s
con-leche: check 240000/282123 theorem Multiset.sum_map_eq_finsum t=261.5s
con-leche: check 245000/282123 definition Lean.Widget.LazyTraceChildren.children t=264.9s
con-leche: check 250000/282123 theorem Bool.decide_false_eq t=267.8s
con-leche: check 255000/282123 definition Std.Time.Internal.UnitVal.recOn t=271.6s
con-leche: check 260000/282123 theorem Lean.Meta.Grind.Arith.Cutsat.EqCnstrProof.core.inj t=274.7s
con-leche: check 265000/282123 theorem ENat.lift_eq_toNat_of_lt_top t=277.9s
con-leche: check 270000/282123 theorem le_of_pow_le_pow_left' t=281.0s
con-leche: check 275000/282123 definition _private.Lean.Meta.Instances.0.Lean.Meta.getDefaultInstances.match_1 t=284.0s
con-leche: check 280000/282123 theorem coe_powMonoidWithZeroHom t=287.2s
con-leche: check done: 282123/282123 t=288.5s (check 198.3s)
con-leche: done: parse 17.6s, install 72.6s, check 198.3s, 4 workers t=288.5s
con-leche: accepted 283412 declarations (--verified)
